// Jest Snapshot v1, https://goo.gl/fbAQLP

exports[`MovieList component should render MovieList component 1`] = `
<div
  className="movieListContainer"
>
  <div
    className="movieItem"
    key="337167"
  >
    <MovieDetails
      getMovieById={[Function]}
      movie={
        Object {
          "budget": 55000000,
          "genres": Array [
            "Drama",
            "Romance",
          ],
          "id": 337167,
          "overview": "Believing they have left behind shadowy figures from their past, newlyweds Christian and Ana fully embrace an inextricable connection and shared life of luxury. But just as she steps into her role as Mrs. Grey and he relaxes into an unfamiliar stability, new threats could jeopardize their happy ending before it even begins.",
          "poster_path": "https://image.tmdb.org/t/p/w500/3kcEGnYBHDeqmdYf8ZRbKdfmlUy.jpg",
          "release_date": "2018-02-07",
          "revenue": 136906000,
          "runtime": 106,
          "tagline": "Don't miss the climax",
          "title": "Fifty Shades Freed",
          "vote_average": 6.1,
          "vote_count": 1195,
        }
      }
    />
  </div>
  <div
    className="movieItem"
    key="269149"
  >
    <MovieDetails
      getMovieById={[Function]}
      movie={
        Object {
          "budget": 150000000,
          "genres": Array [
            "Animation",
            "Adventure",
            "Family",
            "Comedy",
          ],
          "id": 269149,
          "overview": "Determined to prove herself, Officer Judy Hopps, the first bunny on Zootopia's police force, jumps at the chance to crack her first case - even if it means partnering with scam-artist fox Nick Wilde to solve the mystery.",
          "poster_path": "https://image.tmdb.org/t/p/w500/sM33SANp9z6rXW8Itn7NnG1GOEs.jpg",
          "release_date": "2016-02-11",
          "revenue": 1023784195,
          "runtime": 108,
          "tagline": "Welcome to the urban jungle.",
          "title": "Zootopia",
          "vote_average": 7.7,
          "vote_count": 6795,
        }
      }
    />
  </div>
  <div
    className="movieItem"
    key="181808"
  >
    <MovieDetails
      getMovieById={[Function]}
      movie={
        Object {
          "budget": 200000000,
          "genres": Array [
            "Fantasy",
            "Adventure",
            "Science Fiction",
          ],
          "id": 181808,
          "overview": "Rey develops her newly discovered abilities with the guidance of Luke Skywalker, who is unsettled by the strength of her powers. Meanwhile, the Resistance prepares to do battle with the First Order.",
          "poster_path": "https://image.tmdb.org/t/p/w500/kOVEVeg59E0wsnXmF9nrh6OmWII.jpg",
          "release_date": "2017-12-13",
          "revenue": 1325937250,
          "runtime": 152,
          "tagline": "The Saga Continues",
          "title": "Star Wars: The Last Jedi",
          "vote_average": 7.1,
          "vote_count": 4732,
        }
      }
    />
  </div>
</div>
`;
